// Jest Snapshot v1, https://goo.gl/fbAQLP

exports[`appControl matches the snapshot 1`] = `
Object {
  "selection": null,
}
`;

exports[`appControl selection matches the snapshot 1`] = `null`;
