// Jest Snapshot v1, https://goo.gl/fbAQLP

exports[`ui matches the snapshot 1`] = `
Object {
  "appControl": Object {
    "selection": null,
  },
}
`;
