// Jest Snapshot v1, https://goo.gl/fbAQLP

exports[`HeaderBar matches the snapshot 1`] = `
<nav
  className="app-control__header-bar"
>
  <span
    className="app-control__header-bar-title"
  />
</nav>
`;
