// Jest Snapshot v1, https://goo.gl/fbAQLP

exports[`AppSidebar matches the snapshot 1`] = `
<div
  className="app-sidebar"
>
  <HeaderBar
    className="app-sidebar__header-bar"
    title=""
  />
</div>
`;
